<testsuite errors="0" failures="0" name="Django Project Tests" skips="0" tests="11" time="46.661"><testcase classname="polls.tests.QuestionDetailViewTests" name="test_future_question" time="0.026487" /><testcase classname="polls.tests.QuestionDetailViewTests" name="test_past_question" time="0.023538" /><testcase classname="polls.tests.QuestionIndexViewTests" name="test_future_question" time="0.008438" /><testcase classname="polls.tests.QuestionIndexViewTests" name="test_future_question_and_test_past_question" time="0.006993" /><testcase classname="polls.tests.QuestionIndexViewTests" name="test_no_questions" time="0.004521" /><testcase classname="polls.tests.QuestionIndexViewTests" name="test_past_question" time="0.005371" /><testcase classname="polls.tests.QuestionIndexViewTests" name="test_two_past_questions" time="0.006484" /><testcase classname="polls.tests.QuestionModelTests" name="test_was_published_recently_with_future_question" time="0.000105" /><testcase classname="polls.tests.QuestionModelTests" name="test_was_published_recently_with_old_question" time="0.000064" /><testcase classname="polls.tests.QuestionModelTests" name="test_was_published_recently_with_recent_question" time="0.000058" /><testcase classname="polls.tests.VoteTestCase" name="test_vote" time="45.001021" /></testsuite>